Microchip MPLAB XC8 Compiler V2.41

Linker command line:

-W-3 \
  --edf=C:\Program Files\Microchip\xc8\v2.41\pic\dat\20230208172133_en.msgs \
  -cn -h+dist/default/production\SensorTest3.production.sym \
  --cmf=dist/default/production\SensorTest3.production.cmf -z -w9 \
  --disl=596:off --norlf -Q16F877A \
  -oC:\Users\ANANFA~1\AppData\Local\Temp\xcAsg20.\driver_tmp_3.o \
  --defsym=__MPLAB_BUILD=1 \
  -Mdist/default/production/SensorTest3.production.map \
  --md=C:\Users\ANANFA~1\AppData\Local\Temp\xcAsg20.\driver_tmp_0.dat -E1 \
  -ver=XC8 Compiler --acfsm=1493 -ACODE=00h-07FFhx4 -ASTRCODE=00h-01FFFh \
  -ASTRING=00h-0FFhx32 -ACONST=00h-0FFhx32 -AENTRY=00h-0FFhx32 \
  -ACOMMON=070h-07Fh -ABANK0=020h-06Fh -ABANK1=0A0h-0EFh \
  -ABANK2=0110h-016Fh -ABANK3=0190h-01EFh \
  -ARAM=020h-06Fh,0A0h-0EFh,0110h-016Fh,0190h-01EFh \
  -AABS1=020h-07Fh,0A0h-0EFh,0110h-016Fh,0190h-01EFh -ASFR0=00h-01Fh \
  -ASFR1=080h-09Fh -ASFR2=0100h-010Fh -ASFR3=0180h-018Fh \
  -ACONFIG=02007h-02007h -DCONFIG=2 -AIDLOC=02000h-02003h -DIDLOC=2 \
  -AEEDATA=00h-0FFh/02100h -peeprom_data=EEDATA -DEEDATA=2 -DCODE=2 \
  -DSTRCODE=2 -DSTRING=2 -DCONST=2 -DENTRY=2 \
  -preset_vec=00h,intentry,init,end_init -ppowerup=CODE -pcinit=CODE \
  -pfunctab=ENTRY -k \
  C:\Users\ANANFA~1\AppData\Local\Temp\xcAsg20.\driver_tmp_12.o \
  dist/default/production\SensorTest3.production.o 

Object code version is 3.11

Machine type is 16F877A



                Name                               Link     Load   Length Selector   Space Scale
C:\Users\ANANFA~1\AppData\Local\Temp\xcAsg20.\driver_tmp_12.o
                end_init                              0        0        4        0       0
                config                             2007     2007        1        0       4
                idloc                              2000     2000        4        0       5
dist/default/production\SensorTest3.production.o
                cinit                               7D8      7D8       28      FB0       0
                config                             2007     2007        1        0       4
                idloc                              2000     2000        4        0       5
                text12                              605      605        D      C0A       0
                text11                              612      612        D      C24       0
                text10                              5E9      5E9        9      BD2       0
                text9                               5F2      5F2        9      BE4       0
                text8                               61F      61F       10      C3E       0
                text7                               675      675       1B      CEA       0
                text6                               642      642       19      C84       0
                text5                               65B      65B       1A      CB6       0
                text4                               73C      73C       9C      E78       0
                text3                               6D0      6D0       36      DA0       0
                text2                               690      690       1B      D20       0
                text1                               6AB      6AB       25      D56       0
                maintext                            706      706       36      E0C       0
                cstackCOMMON                         70       70        A       70       1
                clrtext                             5E1      5E1        8      BC2       0
                inittext                            62F      62F       13      C5E       0
                dataBANK0                            4A       4A        A       20       1
                bssBANK0                             20       20       2A       20       1
                dataCOMMON                           7C       7C        2       70       1
                bssCOMMON                            7A       7A        2       70       1
                nvBANK0                              54       54        1       20       1
                strings                               4        4       1E        8       0
                idataBANK0                          5FB      5FB        A      BF6       0
                idataCOMMON                         5DF      5DF        2      BBE       0

TOTAL           Name                               Link     Load   Length     Space
        CLASS   CODE           
                end_init                              0        0        4         0
                cinit                               7D8      7D8       28         0
                text12                              605      605        D         0
                text11                              612      612        D         0
                text10                              5E9      5E9        9         0
                text9                               5F2      5F2        9         0
                text8                               61F      61F       10         0
                text7                               675      675       1B         0
                text6                               642      642       19         0
                text5                               65B      65B       1A         0
                text4                               73C      73C       9C         0
                text3                               6D0      6D0       36         0
                text2                               690      690       1B         0
                text1                               6AB      6AB       25         0
                maintext                            706      706       36         0
                clrtext                             5E1      5E1        8         0
                inittext                            62F      62F       13         0
                idataBANK0                          5FB      5FB        A         0
                idataCOMMON                         5DF      5DF        2         0

        CLASS   STRCODE        

        CLASS   STRING         
                strings                               4        4       1E         0

        CLASS   CONST          

        CLASS   ENTRY          

        CLASS   COMMON         
                cstackCOMMON                         70       70        A         1
                dataCOMMON                           7C       7C        2         1
                bssCOMMON                            7A       7A        2         1

        CLASS   BANK0          
                dataBANK0                            4A       4A        A         1
                bssBANK0                             20       20       2A         1
                nvBANK0                              54       54        1         1

        CLASS   BANK1          

        CLASS   BANK2          

        CLASS   BANK3          

        CLASS   RAM            

        CLASS   ABS1           
                abs_s1                               7E       7E        2         1

        CLASS   SFR0           

        CLASS   SFR1           

        CLASS   SFR2           

        CLASS   SFR3           

        CLASS   CONFIG         
                config                             2007     2007        1         4

        CLASS   IDLOC          
                idloc                              2000     2000        4         5

        CLASS   EEDATA         

        CLASS   STACK          



SEGMENTS        Name                           Load    Length   Top    Selector   Space  Class     Delta

                reset_vec                      000000  000004  000004         0       0  CODE        2
                strings                        000004  00001E  000022         8       0  STRING      2
                bssBANK0                       000020  000035  000055        20       1  BANK0       1
                cstackCOMMON                   000070  00000E  00007E        70       1  COMMON      1
                idataCOMMON                    0005DF  000002  0005E1       BBE       0  CODE        2
                clrtext                        0005E1  000008  0005E9       BC2       0  CODE        2
                text10                         0005E9  000009  0005F2       BD2       0  CODE        2
                text9                          0005F2  000009  0005FB       BE4       0  CODE        2
                idataBANK0                     0005FB  00000A  000605       BF6       0  CODE        2
                text12                         000605  00000D  000612       C0A       0  CODE        2
                text11                         000612  00000D  00061F       C24       0  CODE        2
                text8                          00061F  000010  00062F       C3E       0  CODE        2
                inittext                       00062F  000013  000642       C5E       0  CODE        2
                text6                          000642  000019  00065B       C84       0  CODE        2
                text5                          00065B  00001A  000675       CB6       0  CODE        2
                text7                          000675  00001B  000690       CEA       0  CODE        2
                text2                          000690  00001B  0006AB       D20       0  CODE        2
                text1                          0006AB  000025  0006D0       D56       0  CODE        2
                text3                          0006D0  000036  000706       DA0       0  CODE        2
                maintext                       000706  000036  00073C       E0C       0  CODE        2
                text4                          00073C  00009C  0007D8       E78       0  CODE        2
                cinit                          0007D8  000028  000800       FB0       0  CODE        2


UNUSED ADDRESS RANGES

        Name                Unused          Largest block    Delta
        BANK0            0055-006F             1B           1
        BANK1            00A0-00EF             50           1
        BANK2            0110-016F             60           1
        BANK3            0190-01EF             60           1
        CODE             0022-05DE            5BD           2
                         0800-1FFF            800
        CONST            0022-05DE            100           2
                         0800-1FFF            100
        EEDATA           2100-21FF            100           2
        ENTRY            0022-05DE            100           2
                         0800-1FFF            100
        RAM              0055-006F             1B           1
                         00A0-00EF             50
                         0110-016F             60
                         0190-01EF             60
        SFR0             0000-001F             20           1
        SFR1             0080-009F             20           1
        SFR2             0100-010F             10           1
        SFR3             0180-018F             10           1
        STRCODE          0022-05DE            5BD           2
                         0800-1FFF           1800
        STRING           0022-05DE            100           2
                         0800-1FFF            100

                                  Symbol Table

__H__absolute__            __absolute__ 0000
__Habs1                    abs1         0000
__Hbank0                   bank0        0000
__Hbank1                   bank1        0000
__Hbank2                   bank2        0000
__Hbank3                   bank3        0000
__HbssBANK0                bssBANK0     0000
__HbssCOMMON               bssCOMMON    0000
__Hclrtext                 clrtext      0000
__Hcode                    code         0000
__Hcommon                  common       0000
__HcstackCOMMON            cstackCOMMON 0000
__HdataBANK0               dataBANK0    0000
__HdataCOMMON              dataCOMMON   0000
__Heeprom_data             eeprom_data  0000
__Hfunctab                 functab      0000
__HidataBANK0              idataBANK0   0000
__HidataCOMMON             idataCOMMON  0000
__Hinit                    init         0000
__Hinittext                inittext     0000
__Hintentry                intentry     0000
__Hmaintext                maintext     0000
__HnvBANK0                 nvBANK0      0000
__Hpowerup                 powerup      0000
__Hram                     ram          0000
__Hreset_vec               reset_vec    0000
__Hsfr0                    sfr0         0000
__Hsfr1                    sfr1         0000
__Hsfr2                    sfr2         0000
__Hsfr3                    sfr3         0000
__Hspace_2                 (abs)        0000
__Hspace_3                 (abs)        0000
__Hstack                   stack        0000
__Hstrings                 strings      0000
__Htext                    text         0000
__L__absolute__            __absolute__ 0000
__Labs1                    abs1         0000
__Lbank0                   bank0        0000
__Lbank1                   bank1        0000
__Lbank2                   bank2        0000
__Lbank3                   bank3        0000
__LbssBANK0                bssBANK0     0000
__LbssCOMMON               bssCOMMON    0000
__Lclrtext                 clrtext      0000
__Lcode                    code         0000
__Lcommon                  common       0000
__Lconfig                  config       0000
__LcstackCOMMON            cstackCOMMON 0000
__LdataBANK0               dataBANK0    0000
__LdataCOMMON              dataCOMMON   0000
__Leeprom_data             eeprom_data  0000
__Lend_init                end_init     0000
__Lfunctab                 functab      0000
__LidataBANK0              idataBANK0   0000
__LidataCOMMON             idataCOMMON  0000
__Lidloc                   idloc        0000
__Linit                    init         0000
__Linittext                inittext     0000
__Lintentry                intentry     0000
__Lmaintext                maintext     0000
__LnvBANK0                 nvBANK0      0000
__Lpowerup                 powerup      0000
__Lram                     ram          0000
__Lreset_vec               reset_vec    0000
__Lsfr0                    sfr0         0000
__Lsfr1                    sfr1         0000
__Lsfr2                    sfr2         0000
__Lsfr3                    sfr3         0000
__Lspace_0                 (abs)        0000
__Lspace_1                 (abs)        0000
__Lspace_2                 (abs)        0000
__Lspace_3                 (abs)        0000
__Lspace_4                 (abs)        0000
__Lstack                   stack        0000
__Lstrings                 strings      0000
__Ltext                    text         0000
__S3                       (abs)        0000
___int_sp                  stack        0000
___sp                      stack        0000
___stackhi                 (abs)        0000
___stacklo                 (abs)        0000
_system_init                                
intlevel0                  functab      0000
intlevel1                  functab      0000
intlevel2                  functab      0000
intlevel3                  functab      0000
intlevel4                  functab      0000
intlevel5                  functab      0000
reset_vec                  reset_vec    0000
start                      init         0000
_TMR0                      (abs)        0001
___latbits                 (abs)        0002
__Hend_init                end_init     0004
__pstrings                 strings      0004
__stringtab                strings      0004
_INTCONbits                (abs)        000B
__stringbase               strings      0009
_SSPBUF                    (abs)        0013
_SSPCON                    (abs)        0014
__end_of__stringtab        strings      000A
__end_of_tmr0_mask         strings      000B
_ADRESH                    (abs)        001E
_ADCON0                    (abs)        001F
__pbssBANK0                bssBANK0     0020
_rate                      bssBANK0     0020
_lastBeatTime              bssBANK0     0034
_sampleCounter             bssBANK0     0038
TMR0_ISR@CountCallBack     bssBANK0     003C
_Signal                    bssBANK0     0042
_BPM                       bssBANK0     0044
_amp                       bssBANK0     0046
_QS                        bssBANK0     0048
_Pulse                     bssBANK0     0049
__pdataBANK0               dataBANK0    004A
_main_state                dataBANK0    004A
_IBI                       dataBANK0    004C
_thresh                    dataBANK0    004E
_T                         dataBANK0    0050
_P                         dataBANK0    0052
__pnvBANK0                 nvBANK0      0054
_i2c_add                   nvBANK0      0054
_SSPIF                     (abs)        0063
I2C_Master_Write@data      cstackCOMMON 0070
__pcstackCOMMON            cstackCOMMON 0070
IO_Expander_Write@Data     cstackCOMMON 0071
LCD_Write_4Bit@Nibble      cstackCOMMON 0073
LCD_CMD@CMD                cstackCOMMON 0075
LCD_Write_Char@Data        cstackCOMMON 0075
LCD_Set_Cursor@COL         cstackCOMMON 0076
LCD_Write_String@i         cstackCOMMON 0076
LCD_Write_String@Str       cstackCOMMON 0078
LCD_Init@I2C_Add           cstackCOMMON 0079
LCD_Set_Cursor@ROW         cstackCOMMON 0079
_RS                        bssCOMMON    007A
__pbssCOMMON               bssCOMMON    007A
_secondBeat                bssCOMMON    007B
_BackLight_State           dataCOMMON   007C
__pdataCOMMON              dataCOMMON   007C
_firstBeat                 dataCOMMON   007D
__Hspace_1                 (abs)        007E
__S1                       (abs)        007E
btemp                      (abs)        007E
wtemp0                     (abs)        007E
_OPTION_REGbits            (abs)        0081
_SSPCON2                   (abs)        0091
_SSPADD                    (abs)        0093
_SSPSTAT                   (abs)        0094
_ADRESL                    (abs)        009E
_ADCON1                    (abs)        009F
_GO                        (abs)        00FA
_GO_DONE                   (abs)        00FA
_TRISC3                    (abs)        043B
_TRISC4                    (abs)        043C
_SEN                       (abs)        0488
_RSEN                      (abs)        0489
_PEN                       (abs)        048A
_RCEN                      (abs)        048B
_ACKEN                     (abs)        048C
_ACKDT                     (abs)        048D
_ACKSTAT                   (abs)        048E
__Hspace_0                 (abs)        0800
__S0                       (abs)        0800
__pidataCOMMON             idataCOMMON  05DF
clear_ram0                 clrtext      05E1
_I2C_Master_Start          text10       05E9
__ptext10                  text10       05E9
_I2C_Master_Stop           text9        05F2
__end_of_I2C_Master_Start  text10       05F2
__ptext9                   text9        05F2
__end_of_I2C_Master_Stop   text9        05FB
__pidataBANK0              idataBANK0   05FB
_I2C_Master_Init           text12       0605
__ptext12                  text12       0605
_I2C_Master_Wait           text11       0612
__end_of_I2C_Master_Init   text12       0612
__ptext11                  text11       0612
_I2C_Master_Write          text8        061F
__end_of_I2C_Master_Wait   text11       061F
__ptext8                   text8        061F
__end_of_I2C_Master_Write  text8        062F
init_fetch0                inittext     062F
init_ram0                  inittext     0633
_LCD_Write_4Bit            text6        0642
__ptext6                   text6        0642
_LCD_CMD                   text5        065B
__end_of_LCD_Write_4Bit    text6        065B
__ptext5                   text5        065B
_IO_Expander_Write         text7        0675
__end_of_LCD_CMD           text5        0675
__ptext7                   text7        0675
_LCD_Write_Char            text2        0690
__end_of_IO_Expander_Write text7        0690
__ptext2                   text2        0690
_LCD_Write_String          text1        06AB
__end_of_LCD_Write_Char    text2        06AB
__ptext1                   text1        06AB
_LCD_Set_Cursor            text3        06D0
__end_of_LCD_Write_String  text1        06D0
__ptext3                   text3        06D0
__end_of_LCD_Set_Cursor    text3        0706
__pmaintext                maintext     0706
_main                      maintext     0706
_LCD_Init                  text4        073C
__end_of_main              maintext     073C
__ptext4                   text4        073C
__Lcinit                   cinit        07D8
__end_of_LCD_Init          text4        07D8
__initialization           cinit        07D8
__end_of__initialization   cinit        07FC
__Hcinit                   cinit        0800
__Hidloc                   idloc        2004
__Hspace_4                 (abs)        400F
__Hconfig                  config       2008
start_initialization       cinit        07D8
end_of_initialization      cinit        07FC
