Microchip MPLAB XC8 Compiler V2.41

Linker command line:

-W-3 \
  --edf=C:\Program Files\Microchip\xc8\v2.41\pic\dat\20230208172133_en.msgs \
  -cn -h+dist/default/production\LCDTest2.X.production.sym \
  --cmf=dist/default/production\LCDTest2.X.production.cmf -z -Q16F877A \
  -oC:\Users\ANANFA~1\AppData\Local\Temp\xcAsopk.\driver_tmp_3.o \
  --defsym=__MPLAB_BUILD=1 --fixupoverflow=error \
  -Mdist/default/production/LCDTest2.X.production.map \
  --md=C:\Users\ANANFA~1\AppData\Local\Temp\xcAsopk.\driver_tmp_0.dat -E1 \
  -ver=XC8 Compiler --acfsm=1493 -ACODE=00h-07FFhx4 -ASTRCODE=00h-01FFFh \
  -ASTRING=00h-0FFhx32 -ACONST=00h-0FFhx32 -AENTRY=00h-0FFhx32 \
  -ACOMMON=070h-07Fh -ABANK0=020h-06Fh -ABANK1=0A0h-0EFh \
  -ABANK2=0110h-016Fh -ABANK3=0190h-01EFh \
  -ARAM=020h-06Fh,0A0h-0EFh,0110h-016Fh,0190h-01EFh \
  -AABS1=020h-07Fh,0A0h-0EFh,0110h-016Fh,0190h-01EFh -ASFR0=00h-01Fh \
  -ASFR1=080h-09Fh -ASFR2=0100h-010Fh -ASFR3=0180h-018Fh \
  -ACONFIG=02007h-02007h -DCONFIG=2 -AIDLOC=02000h-02003h -DIDLOC=2 \
  -AEEDATA=00h-0FFh/02100h -peeprom_data=EEDATA -DEEDATA=2 -DCODE=2 \
  -DSTRCODE=2 -DSTRING=2 -DCONST=2 -DENTRY=2 \
  -preset_vec=00h,intentry,init,end_init -ppowerup=CODE -pcinit=CODE \
  -pfunctab=ENTRY -k \
  C:\Users\ANANFA~1\AppData\Local\Temp\xcAsopk.\driver_tmp_12.o \
  dist/default/production\LCDTest2.X.production.o 

Object code version is 3.11

Machine type is 16F877A



                Name                               Link     Load   Length Selector   Space Scale
C:\Users\ANANFA~1\AppData\Local\Temp\xcAsopk.\driver_tmp_12.o
                end_init                              0        0        3        0       0
                config                             2007     2007        1        0       4
                idloc                              2000     2000        4        0       5
dist/default/production\LCDTest2.X.production.o
                cinit                               7F5      7F5        B      FEA       0
                config                             2007     2007        1        0       4
                idloc                              2000     2000        4        0       5
                text12                              644      644        D      C88       0
                text11                              651      651        D      CA2       0
                text10                              632      632        9      C64       0
                text9                               63B      63B        9      C76       0
                text8                               65E      65E       10      CBC       0
                text7                               66E      66E       19      CDC       0
                text6                               687      687       19      D0E       0
                text5                               6A0      6A0       1A      D40       0
                text4                               75B      75B       9A      EB6       0
                text3                               725      725       36      E4A       0
                text2                               6BA      6BA       1B      D74       0
                text1                               6D5      6D5       25      DAA       0
                maintext                            6FA      6FA       2B      DF4       0
                cstackCOMMON                         70       70        A       70       1
                dataCOMMON                           7C       7C        1       70       1
                bssCOMMON                            7B       7B        1       70       1
                strings                               3        3       1E        6       0
                nvCOMMON                             7A       7A        1       70       1
                idataCOMMON                         631      631        1      C62       0

TOTAL           Name                               Link     Load   Length     Space
        CLASS   CODE           
                end_init                              0        0        3         0
                cinit                               7F5      7F5        B         0
                text12                              644      644        D         0
                text11                              651      651        D         0
                text10                              632      632        9         0
                text9                               63B      63B        9         0
                text8                               65E      65E       10         0
                text7                               66E      66E       19         0
                text6                               687      687       19         0
                text5                               6A0      6A0       1A         0
                text4                               75B      75B       9A         0
                text3                               725      725       36         0
                text2                               6BA      6BA       1B         0
                text1                               6D5      6D5       25         0
                maintext                            6FA      6FA       2B         0
                idataCOMMON                         631      631        1         0

        CLASS   STRCODE        

        CLASS   STRING         
                strings                               3        3       1E         0

        CLASS   CONST          

        CLASS   ENTRY          

        CLASS   COMMON         
                cstackCOMMON                         70       70        A         1
                dataCOMMON                           7C       7C        1         1
                bssCOMMON                            7B       7B        1         1
                nvCOMMON                             7A       7A        1         1

        CLASS   BANK0          

        CLASS   BANK1          

        CLASS   BANK2          

        CLASS   BANK3          

        CLASS   RAM            

        CLASS   ABS1           
                abs_s1                               7E       7E        2         1

        CLASS   SFR0           

        CLASS   SFR1           

        CLASS   SFR2           

        CLASS   SFR3           

        CLASS   CONFIG         
                config                             2007     2007        1         4

        CLASS   IDLOC          
                idloc                              2000     2000        4         5

        CLASS   EEDATA         

        CLASS   STACK          



SEGMENTS        Name                           Load    Length   Top    Selector   Space  Class     Delta

                reset_vec                      000000  000003  000003         0       0  CODE        2
                strings                        000003  00001E  000021         6       0  STRING      2
                cstackCOMMON                   000070  00000D  00007D        70       1  COMMON      1
                idataCOMMON                    000631  000001  000632       C62       0  CODE        2
                text10                         000632  000009  00063B       C64       0  CODE        2
                text9                          00063B  000009  000644       C76       0  CODE        2
                text12                         000644  00000D  000651       C88       0  CODE        2
                text11                         000651  00000D  00065E       CA2       0  CODE        2
                text8                          00065E  000010  00066E       CBC       0  CODE        2
                text7                          00066E  000019  000687       CDC       0  CODE        2
                text6                          000687  000019  0006A0       D0E       0  CODE        2
                text5                          0006A0  00001A  0006BA       D40       0  CODE        2
                text2                          0006BA  00001B  0006D5       D74       0  CODE        2
                text1                          0006D5  000025  0006FA       DAA       0  CODE        2
                maintext                       0006FA  00002B  000725       DF4       0  CODE        2
                text3                          000725  000036  00075B       E4A       0  CODE        2
                text4                          00075B  00009A  0007F5       EB6       0  CODE        2
                cinit                          0007F5  00000B  000800       FEA       0  CODE        2


UNUSED ADDRESS RANGES

        Name                Unused          Largest block    Delta
        BANK0            0020-006F             50           1
        BANK1            00A0-00EF             50           1
        BANK2            0110-016F             60           1
        BANK3            0190-01EF             60           1
        CODE             0021-0630            610           2
                         0800-1FFF            800
        COMMON           007D-007D              1           1
        CONST            0021-0630            100           2
                         0800-1FFF            100
        EEDATA           2100-21FF            100           2
        ENTRY            0021-0630            100           2
                         0800-1FFF            100
        RAM              0020-006F             50           1
                         00A0-00EF             50
                         0110-016F             60
                         0190-01EF             60
        SFR0             0000-001F             20           1
        SFR1             0080-009F             20           1
        SFR2             0100-010F             10           1
        SFR3             0180-018F             10           1
        STRCODE          0021-0630            610           2
                         0800-1FFF           1800
        STRING           0021-0630            100           2
                         0800-1FFF            100

                                  Symbol Table

I2C_Master_Write@data      cstackCOMMON 0070
IO_Expander_Write@Data     cstackCOMMON 0071
LCD_CMD@CMD                cstackCOMMON 0075
LCD_Init@I2C_Add           cstackCOMMON 0079
LCD_Set_Cursor@COL         cstackCOMMON 0076
LCD_Set_Cursor@ROW         cstackCOMMON 0079
LCD_Write_4Bit@Nibble      cstackCOMMON 0073
LCD_Write_Char@Data        cstackCOMMON 0075
LCD_Write_String@Str       cstackCOMMON 0078
LCD_Write_String@i         cstackCOMMON 0076
_ACKDT                     (abs)        048D
_ACKEN                     (abs)        048C
_ACKSTAT                   (abs)        048E
_BackLight_State           dataCOMMON   007C
_I2C_Master_Init           text12       0644
_I2C_Master_Start          text10       0632
_I2C_Master_Stop           text9        063B
_I2C_Master_Wait           text11       0651
_I2C_Master_Write          text8        065E
_IO_Expander_Write         text7        066E
_LCD_CMD                   text5        06A0
_LCD_Init                  text4        075B
_LCD_Set_Cursor            text3        0725
_LCD_Write_4Bit            text6        0687
_LCD_Write_Char            text2        06BA
_LCD_Write_String          text1        06D5
_PEN                       (abs)        048A
_RCEN                      (abs)        048B
_RS                        bssCOMMON    007B
_RSEN                      (abs)        0489
_SEN                       (abs)        0488
_SSPADD                    (abs)        0093
_SSPBUF                    (abs)        0013
_SSPCON                    (abs)        0014
_SSPCON2                   (abs)        0091
_SSPIF                     (abs)        0063
_SSPSTAT                   (abs)        0094
_TRISC3                    (abs)        043B
_TRISC4                    (abs)        043C
__H__absolute__            __absolute__ 0000
__Habs1                    abs1         0000
__Hbank0                   bank0        0000
__Hbank1                   bank1        0000
__Hbank2                   bank2        0000
__Hbank3                   bank3        0000
__HbssCOMMON               bssCOMMON    0000
__Hcinit                   cinit        0800
__Hclrtext                 clrtext      0000
__Hcode                    code         0000
__Hcommon                  common       0000
__Hconfig                  config       2008
__HcstackCOMMON            cstackCOMMON 0000
__HdataCOMMON              dataCOMMON   0000
__Heeprom_data             eeprom_data  0000
__Hend_init                end_init     0003
__Hfunctab                 functab      0000
__HidataCOMMON             idataCOMMON  0000
__Hidloc                   idloc        2004
__Hinit                    init         0000
__Hintentry                intentry     0000
__Hmaintext                maintext     0000
__HnvCOMMON                nvCOMMON     0000
__Hpowerup                 powerup      0000
__Hram                     ram          0000
__Hreset_vec               reset_vec    0000
__Hsfr0                    sfr0         0000
__Hsfr1                    sfr1         0000
__Hsfr2                    sfr2         0000
__Hsfr3                    sfr3         0000
__Hspace_0                 (abs)        0800
__Hspace_1                 (abs)        007D
__Hspace_2                 (abs)        0000
__Hspace_3                 (abs)        0000
__Hspace_4                 (abs)        400F
__Hstack                   stack        0000
__Hstrings                 strings      0000
__Htext                    text         0000
__L__absolute__            __absolute__ 0000
__Labs1                    abs1         0000
__Lbank0                   bank0        0000
__Lbank1                   bank1        0000
__Lbank2                   bank2        0000
__Lbank3                   bank3        0000
__LbssCOMMON               bssCOMMON    0000
__Lcinit                   cinit        07F5
__Lclrtext                 clrtext      0000
__Lcode                    code         0000
__Lcommon                  common       0000
__Lconfig                  config       0000
__LcstackCOMMON            cstackCOMMON 0000
__LdataCOMMON              dataCOMMON   0000
__Leeprom_data             eeprom_data  0000
__Lend_init                end_init     0000
__Lfunctab                 functab      0000
__LidataCOMMON             idataCOMMON  0000
__Lidloc                   idloc        0000
__Linit                    init         0000
__Lintentry                intentry     0000
__Lmaintext                maintext     0000
__LnvCOMMON                nvCOMMON     0000
__Lpowerup                 powerup      0000
__Lram                     ram          0000
__Lreset_vec               reset_vec    0000
__Lsfr0                    sfr0         0000
__Lsfr1                    sfr1         0000
__Lsfr2                    sfr2         0000
__Lsfr3                    sfr3         0000
__Lspace_0                 (abs)        0000
__Lspace_1                 (abs)        0000
__Lspace_2                 (abs)        0000
__Lspace_3                 (abs)        0000
__Lspace_4                 (abs)        0000
__Lstack                   stack        0000
__Lstrings                 strings      0000
__Ltext                    text         0000
__S0                       (abs)        0800
__S1                       (abs)        007D
__S3                       (abs)        0000
___int_sp                  stack        0000
___latbits                 (abs)        0002
___sp                      stack        0000
___stackhi                 (abs)        0000
___stacklo                 (abs)        0000
__end_of_I2C_Master_Init   text12       0651
__end_of_I2C_Master_Start  text10       063B
__end_of_I2C_Master_Stop   text9        0644
__end_of_I2C_Master_Wait   text11       065E
__end_of_I2C_Master_Write  text8        066E
__end_of_IO_Expander_Write text7        0687
__end_of_LCD_CMD           text5        06BA
__end_of_LCD_Init          text4        07F5
__end_of_LCD_Set_Cursor    text3        075B
__end_of_LCD_Write_4Bit    text6        06A0
__end_of_LCD_Write_Char    text2        06D5
__end_of_LCD_Write_String  text1        06FA
__end_of__initialization   cinit        07FC
__end_of__stringtab        strings      0009
__end_of_main              maintext     0725
__initialization           cinit        07F5
__pbssCOMMON               bssCOMMON    007B
__pcstackCOMMON            cstackCOMMON 0070
__pdataCOMMON              dataCOMMON   007C
__pidataCOMMON             idataCOMMON  0631
__pmaintext                maintext     06FA
__pnvCOMMON                nvCOMMON     007A
__pstrings                 strings      0003
__ptext1                   text1        06D5
__ptext10                  text10       0632
__ptext11                  text11       0651
__ptext12                  text12       0644
__ptext2                   text2        06BA
__ptext3                   text3        0725
__ptext4                   text4        075B
__ptext5                   text5        06A0
__ptext6                   text6        0687
__ptext7                   text7        066E
__ptext8                   text8        065E
__ptext9                   text9        063B
__stringbase               strings      0008
__stringtab                strings      0003
_i2c_add                   nvCOMMON     007A
_main                      maintext     06FA
btemp                      (abs)        007E
end_of_initialization      cinit        07FC
intlevel0                  functab      0000
intlevel1                  functab      0000
intlevel2                  functab      0000
intlevel3                  functab      0000
intlevel4                  functab      0000
intlevel5                  functab      0000
reset_vec                  reset_vec    0000
start                      init         0000
start_initialization       cinit        07F5
wtemp0                     (abs)        007E


MODULE INFORMATION

Module		Function		Class		Link	Load	Size
shared
		__stringtab    		STRING         	0003	0000	6
		__initialization		CODE           	07F5	0000	7

shared estimated size: 13

I2C_LCD.c
		_LCD_Init      		CODE           	075B	0000	154
		_LCD_Write_4Bit		CODE           	0687	0000	25
		_LCD_Write_Char		CODE           	06BA	0000	27
		_LCD_CMD       		CODE           	06A0	0000	26
		_I2C_Master_Wait		CODE           	0651	0000	13
		_I2C_Master_Init		CODE           	0644	0000	13
		_I2C_Master_Stop		CODE           	063B	0000	9
		_LCD_Set_Cursor		CODE           	0725	0000	54
		_IO_Expander_Write		CODE           	066E	0000	25
		_I2C_Master_Write		CODE           	065E	0000	16
		_I2C_Master_Start		CODE           	0632	0000	9
		_LCD_Write_String		CODE           	06D5	0000	37

I2C_LCD.c estimated size: 408

lcd.c
		_main          		CODE           	06FA	0000	43

lcd.c estimated size: 43

